// Jest Snapshot v1, https://goo.gl/fbAQLP

exports[`renders correctly react-test-renderer 1`] = `
<Dropdown
  menu={
    Array [
      <button
        onClick={[Function]}
      >
        Menu 1
      </button>,
      <button
        onClick={[Function]}
      >
        Menu 2
      </button>,
    ]
  }
  trigger={
    <button>
      Dropdown
    </button>
  }
/>
`;
